// Jest Snapshot v1, https://goo.gl/fbAQLP

exports[`renders 1`] = `
<ContextProvider
  value={Object {}}
>
  <Item
    action={
      Object {
        "routeName": "home",
        "type": "Navigation/NAVIGATE",
      }
    }
    icon="settings"
    titleKey="pages.series.title"
  />
</ContextProvider>
`;
